src/hooks/useAttachmentQueries.ts(90,37): error TS2551: Property 'batchDeleteAttachments' does not exist on type '{ listAttachments(req: any): Promise<any>; getAttachment(req: any): Promise<any>; createAttachment(req: any): Promise<any>; updateAttachment(req: any): Promise<...>; deleteAttachment(req: any): Promise<...>; }'. Did you mean 'deleteAttachment'?
src/hooks/useUserQueries.ts(92,57): error TS2339: Property 'listUserNotifications' does not exist on type '{ getUser(_req: any): Promise<any>; listUsers(_req: any): Promise<any>; batchGetUsers(_req: any): Promise<any>; getUserStats(_req: any): Promise<any>; ... 4 more ...; updateUserSetting(_req: any): Promise<...>; }'.
